// 重构日志: b59bb67b
// 重构日志: feddb96c
// 重构日志: 63910b4c
// 同步 ID: 5429b3fb @ Tue Jul 21 07:34:31 UTC 2026
// 同步 ID: d197ed33 @ Wed Jul 22 07:48:18 UTC 2026
// 同步 ID: f28b5540 @ Thu Jul 23 00:52:07 UTC 2026
// 重构日志: 2f238059
// 重构日志: 459b0b01
// 同步 ID: e863bf8c @ Sun Jul 26 00:43:49 UTC 2026
// 重构日志: fa2a99f7
// 同步 ID: 0ac0e451 @ Mon Jul 27 13:03:55 UTC 2026
// 重构日志: 372c6cc2
// 重构日志: 1e0e72d3
// 重构日志: 368b330f
// 重构日志: 7e85dc35
// 重构日志: ffc92416
// 重构日志: fcb87b49
// 重构日志: 95fff3ad
// 重构日志: 7185d9c9
// 重构日志: 70cbab22
